C51 COMPILER V9.54   MAIN                                                                  02/21/2020 21:19:18 PAGE 1   


C51 COMPILER V9.54, COMPILATION OF MODULE MAIN
OBJECT MODULE PLACED IN .\list\main.obj
COMPILER INVOKED BY: D:\MDK5\C51\BIN\C51.EXE main.c OPTIMIZE(8,SPEED) BROWSE DEBUG OBJECTEXTEND PRINT(.\list\main.lst) T
                    -ABS(2) OBJECT(.\list\main.obj)

line level    source

   1          #include  "config.h"
   2          #include  "GPIO.h"
   3          #include  "delay.h"
   4          #include  "timer.h"
   5          #include  "key.h"
   6          
   7          #define LED0_Pin GPIO_Pin_0
   8          #define LED1_Pin GPIO_Pin_1
   9          #define LED2_Pin GPIO_Pin_2
  10          #define LED3_Pin GPIO_Pin_3
  11          #define LED4_Pin GPIO_Pin_4
  12          #define LED5_Pin GPIO_Pin_5
  13          #define LED6_Pin GPIO_Pin_6
  14          
  15          void All_Init(void)
  16          {
  17   1        
  18   1        P0 = 0xff;          //关闭数码管
  19   1        P2 = (P2 & 0x1f) | 0xa0;  //打开Y5C
  20   1        P0 = 0x00;          //关闭蜂鸣器、继电器
  21   1        P2 = P2 & 0x1f;
  22   1      }
  23          
  24          void  GPIO_config(void)
  25          {
  26   1        GPIO_InitTypeDef  GPIO_InitStructure;   //结构定义
  27   1        GPIO_InitStructure.Pin  = GPIO_Pin_All;   //指定要初始化的IO, GPIO_Pin_0 ~ GPIO_Pin_7, 或操作
  28   1        GPIO_InitStructure.Mode = GPIO_PullUp;    //指定IO的输入或输出方式,GPIO_PullUp,GPIO_HighZ,GPIO_OUT_OD,GPIO_
             -OUT_PP
  29   1        GPIO_Inilize(GPIO_P0,&GPIO_InitStructure);
  30   1        GPIO_Inilize(GPIO_P2,&GPIO_InitStructure);
  31   1        GPIO_Inilize(GPIO_P3,&GPIO_InitStructure);
  32   1      }
  33          /*
  34          void TWO_init(u8 pinx)
  35          {
  36            
  37            
  38          }
  39          */
  40          /******************** 主函数 **************************/
  41          void main(void)
  42          {
  43   1        u16 key_led=1;
  44   1        All_Init();
  45   1        GPIO_config();
  46   1        while(1)
  47   1        {
  48   2          
  49   2          P2=0x80;
  50   2          if(GetKeyVal_Button()==S5DOWN)
  51   2          {
  52   3            key_led++;
  53   3            if(key_led>3)
C51 COMPILER V9.54   MAIN                                                                  02/21/2020 21:19:18 PAGE 2   

  54   3            {
  55   4              key_led=1;
  56   4            }
  57   3          }
  58   2          switch(key_led) 
  59   2          {
  60   3            case 1:
  61   3            {
  62   4              P0=0xff;
  63   4              GPIO_WritePin(GPIO_P0, GPIO_Pin_0 ,0); 
  64   4              delay_ms(200);
  65   4              GPIO_WritePin(GPIO_P0, GPIO_Pin_0 ,1);
  66   4              
  67   4            }
  68   3            break;
  69   3            
  70   3            case 2:
  71   3            {
  72   4              P0=0xff;
  73   4              GPIO_WritePin(GPIO_P0, GPIO_Pin_0 ,0); 
  74   4              delay_ms(400);
  75   4              GPIO_WritePin(GPIO_P0, GPIO_Pin_0 ,1); 
  76   4            }
  77   3            break;
  78   3            
  79   3            case 3:
  80   3            {
  81   4              P0=0xff;
  82   4              GPIO_WritePin(GPIO_P0, GPIO_Pin_0 ,0); 
  83   4              delay_ms(800);
  84   4              GPIO_WritePin(GPIO_P0, GPIO_Pin_0 ,1); 
  85   4            }
  86   3            break;
  87   3          
  88   3         }
  89   2      
  90   2       }
  91   1        
  92   1      }
  93          


MODULE INFORMATION:   STATIC OVERLAYABLE
   CODE SIZE        =    194    ----
   CONSTANT SIZE    =   ----    ----
   XDATA SIZE       =   ----    ----
   PDATA SIZE       =   ----    ----
   DATA SIZE        =   ----       4
   IDATA SIZE       =   ----    ----
   BIT SIZE         =   ----    ----
END OF MODULE INFORMATION.


C51 COMPILATION COMPLETE.  0 WARNING(S),  0 ERROR(S)
