C51 COMPILER V9.54   MAIN                                                                  02/20/2020 20:15:19 PAGE 1   


C51 COMPILER V9.54, COMPILATION OF MODULE MAIN
OBJECT MODULE PLACED IN .\list\main.obj
COMPILER INVOKED BY: D:\MDK5\C51\BIN\C51.EXE main.c OPTIMIZE(8,SPEED) BROWSE DEBUG OBJECTEXTEND PRINT(.\list\main.lst) T
                    -ABS(2) OBJECT(.\list\main.obj)

line level    source

   1          #include  "config.h"
   2          #include  "GPIO.h"
   3          #include  "delay.h"
   4          #include  "timer.h"
   5          #include  "key.h"
   6          
   7          #define BUZZER   P06
   8          
   9          
  10          #define LED0_Pin GPIO_Pin_0
  11          #define LED1_Pin GPIO_Pin_1
  12          #define LED2_Pin GPIO_Pin_2
  13          #define LED3_Pin GPIO_Pin_3
  14          #define LED4_Pin GPIO_Pin_4
  15          #define LED5_Pin GPIO_Pin_5
  16          #define LED6_Pin GPIO_Pin_6
  17          
  18          u16 cnt = 0;    //timer0计数
  19          u16 n=0;
  20          u16 K=0;
  21          u16 d=0;
  22          
  23          void  GPIO_config(void)
  24          {
  25   1        GPIO_InitTypeDef  GPIO_InitStructure;   //结构定义
  26   1        GPIO_InitStructure.Pin  = GPIO_Pin_All;   //指定要初始化的IO, GPIO_Pin_0 ~ GPIO_Pin_7, 或操作
  27   1        GPIO_InitStructure.Mode = GPIO_PullUp;    //指定IO的输入或输出方式,GPIO_PullUp,GPIO_HighZ,GPIO_OUT_OD,GPIO_
             -OUT_PP
  28   1        GPIO_Inilize(GPIO_P0,&GPIO_InitStructure);
  29   1        GPIO_Inilize(GPIO_P2,&GPIO_InitStructure);
  30   1        GPIO_Inilize(GPIO_P3,&GPIO_InitStructure);
  31   1      }
  32          
  33          void  Timer_config(void)
  34          {
  35   1        TIM_InitTypeDef   TIM_InitStructure;          //结构定义
  36   1        TIM_InitStructure.TIM_Mode      = TIM_8BitAutoReload; //指定工作模式,   TIM_16BitAutoReload,TIM_16Bit,TIM
             -_8BitAutoReload,TIM_16BitAutoReloadNoMask
  37   1        TIM_InitStructure.TIM_Polity    = PolityLow;      //指定中断优先级, PolityHigh,PolityLow
  38   1        TIM_InitStructure.TIM_Interrupt = ENABLE;//DISABLE;       //中断是否允许,   ENABLE或DISABLE
  39   1        TIM_InitStructure.TIM_ClkSource = TIM_CLOCK_1T;     //指定时钟源,     TIM_CLOCK_1T,TIM_CLOCK_12T,TIM_CLOCK_
             -Ext
  40   1        TIM_InitStructure.TIM_ClkOut    = ENABLE;       //是否输出高速脉冲, ENABLE或DISABLE
  41   1        TIM_InitStructure.TIM_Value     = 5;    //初值,
  42   1        TIM_InitStructure.TIM_Run       = ENABLE;       //是否初始化后启动定时器, ENABLE或DISABLE
  43   1        Timer_Inilize(Timer0,&TIM_InitStructure);       //初始化Timer0    Timer0,Timer1,Timer2
  44   1      }
  45          
  46          
  47          
  48          void timer0_int (void) interrupt TIMER0_VECTOR
  49          {   
  50   1         
  51   1          cnt++;
C51 COMPILER V9.54   MAIN                                                                  02/20/2020 20:15:19 PAGE 2   

  52   1          if(cnt ==1000) 
  53   1          { 
  54   2            cnt=0;
  55   2            n=1;
  56   2          }
  57   1      }
  58          
  59          
  60          /******************** 主函数 **************************/
  61          void main(void)
  62          {
  63   1        u16 key_led=0;
  64   1        GPIO_config();
  65   1        Timer_config();
  66   1        EA = 1;
  67   1        while(1)
  68   1        {
  69   2          P2=0x80;
  70   2          if(GetKeyVal_Button()==S5DOWN)
  71   2          {
  72   3            key_led=1;
  73   3          }
  74   2          if(n==1)
  75   2          {
  76   3            n=0;
  77   3            GPIO_WritePin(GPIO_P0, GPIO_Pin_6 ,1); 
  78   3          }else
  79   2          {
  80   3              GPIO_WritePin(GPIO_P0, GPIO_Pin_6 ,0); 
  81   3          }
  82   2          
  83   2        }
  84   1        
  85   1      }
  86          


MODULE INFORMATION:   STATIC OVERLAYABLE
   CODE SIZE        =    166    ----
   CONSTANT SIZE    =   ----    ----
   XDATA SIZE       =   ----    ----
   PDATA SIZE       =   ----    ----
   DATA SIZE        =      8      12
   IDATA SIZE       =   ----    ----
   BIT SIZE         =   ----    ----
END OF MODULE INFORMATION.


C51 COMPILATION COMPLETE.  0 WARNING(S),  0 ERROR(S)
