C51 COMPILER V9.54   1__LED                                                                03/06/2020 14:13:10 PAGE 1   


C51 COMPILER V9.54, COMPILATION OF MODULE 1__LED
OBJECT MODULE PLACED IN .\Objects\1. LED.obj
COMPILER INVOKED BY: D:\MDK5\C51\BIN\C51.EXE 1. LED.c OPTIMIZE(8,SPEED) BROWSE DEBUG OBJECTEXTEND PRINT(.\Listings\1. LE
                    -D.lst) TABS(2) OBJECT(.\Objects\1. LED.obj)

line level    source

   1          #include "bsp_led.h"
   2          
   3          //模式0、模式1内部切换标志
   4          bool  mode0_next;  
*** ERROR C129 IN LINE 4 OF 1. LED.c: missing ';' before 'mode0_next'
   5          bool  mode1_next; 
   6          
   7          //模式时间和种类
   8          #define MODE0_TIME    500
   9          #define MODE1_TIME    1000
  10          #define MODE_0 0
  11          #define MODE_1 1
  12          #define MODE_2 2
  13          #define MODE_3 3
  14          
  15          //LED控制
  16          #define ON     1
  17          #define OFF    0
  18          #define LED_PORT  P0
  19          #define LED0_Pin GPIO_Pin_0
  20          #define LED1_Pin GPIO_Pin_1
  21          #define LED2_Pin GPIO_Pin_2
  22          #define LED3_Pin GPIO_Pin_3
  23          #define LED4_Pin GPIO_Pin_4
  24          #define LED5_Pin GPIO_Pin_5
  25          #define LED6_Pin GPIO_Pin_6
  26          #define LEDs_NUM               sizeof (LED)/ sizeof(u8)
  27          
  28          u8 LED[] = {LED0_Pin,LED1_Pin,LED2_Pin,.....};
  29          
  30          u8 GPIO_WritePin(u8 GPIO , u8 Pinx , bit Level)
  31           { 
  32             if(GPIO > GPIO_P5)       return 1; //¿Õ²Ù×÷
  33             if(Pinx > GPIO_Pin_All)  return 2; //´íÎó
  34             if(GPIO == GPIO_P0)
  35              {
  36               if(Level)
  37                P0 &= (~Pinx);
  38               else
  39                P0 |= Pinx;
  40              }
  41           }
  42          
  43           u8 GPIO_ReadPin(u8 GPIO , u8 Pinx )
  44           { 
  45             if(GPIO > GPIO_P5)       return 3; //¿Õ²Ù×÷
  46             if(Pinx > GPIO_Pin_All)  return 2; //´íÎó
  47             if(GPIO == GPIO_P0)
  48              {
  49                if ( P0 & Pinx != 0)
  50                return 1;
  51               else
  52                return 0;
  53              }
C51 COMPILER V9.54   1__LED                                                                03/06/2020 14:13:10 PAGE 2   

  54           }
  55          
  56          u8 GPIO_TogglePin(u8 GPIO , u8 Pinx )
  57           { 
  58             if(GPIO > GPIO_P5)       return 1; //¿Õ²Ù×÷
  59             if(Pinx > GPIO_Pin_All)  return 2; //´íÎó
  60             if(GPIO == GPIO_P0)      P0 ^= Pinx;
  61           }
  62          
  63           //LED_On(LED_PORT , LED0_Pin , ON);
  64          //LED_On(LED_PORT , LED1_Pin , ON);
  65          //上述两条语句执行完，LED0亮。
  66          void LED_On(u8 led_port,u8 led_pin )
  67          {
  68            GPIO_Write_Pin(led_port ,led_pin , on);
  69          }
  70          
  71          void LED_Off(u8 led_port,u8 led_pin)
  72          {
  73            GPIO_Write_Pin(led_port ,led_pin , off);
  74          }
  75          
  76          void LED_Toggle(u8 led_port,u8 led_pin)
  77          {
  78            GPIO_TogglePin(led_port , led_pin );
  79          }
  80          
  81          void LED_LeftToRight(u8 Pinx)
  82          {
  83            
  84            if (Pinx == 0) //仅点亮Left的LED
  85            {
  86              LED_Toggle（LED_PORT, LED[0]）;  
  87            }
  88            else if (Pinx >= LEDs_NUM) //仅熄灭Right的LED
  89            {
  90              LED_Toggle（LED_PORT, LED[LEDs_NUM-1]）;
  91            }
  92            else //先点亮右边的LED，再熄灭左边的
  93            {   
  94              LED_Toggle（LED_PORT, LED[Pinx]）;
  95              Pinx--;
  96              LED_Toggle（LED_PORT, LED[Pinx]）;    
  97            }
  98          }
  99          
 100          void timer0_int (void) interrupt TIMER0_VECTOR
 101          {  
 102              static unsigned int cnt=0; 
 103              if (cnt++ % MODE0_TIME == 0)  mode0_next = TRUE ;
 104              if (cnt++ % MODE1_TIME == 0)  mode1_next = TRUE ;
 105              if (cnt % 60000 == 0) cnt = 0;
 106            
 107          }
 108          
 109          void main()
 110          {
 111            while(1)
 112            {
 113              unsigned char i = 0;
 114              switch (mode) 
 115              {
C51 COMPILER V9.54   1__LED                                                                03/06/2020 14:13:10 PAGE 3   

 116                case MODE_0:
 117                {
 118                  //做模式0要做的事  
 119                   if (mode0_next) == TRUE)
 120                   {
 121                      mode0_next = FALSE;
 122                      LED_ShiftToRight(i);
 123                      if( i == LEDs_NUM） 
 124                      {
 125                        mode = MODE_1;
 126                        break;
 127                      } 
 128                      i++;
 129                      
 130                   }
 131                 }
 132                break;
 133                case MODE_1:
 134                {
 135                }
 136              }
 137          
 138            }
 139          }
 140          

C51 COMPILATION COMPLETE.  0 WARNING(S),  1 ERROR(S)
