C51 COMPILER V9.54   MAIN                                                                  03/08/2020 13:11:20 PAGE 1   


C51 COMPILER V9.54, COMPILATION OF MODULE MAIN
OBJECT MODULE PLACED IN .\Objects\main.obj
COMPILER INVOKED BY: D:\MDK5\C51\BIN\C51.EXE main.c OPTIMIZE(8,SPEED) BROWSE DEBUG OBJECTEXTEND PRINT(.\Listings\main.ls
                    -t) TABS(2) OBJECT(.\Objects\main.obj)

line level    source

   1          #include "main.h"
   2          #include "gpio_ex.h"
   3          #include "key.h"
   4          #define MODE0_TIME 400
   5          #define MODE1_TIME 800
   6          #define MODE_0 0
   7          #define MODE_1 1
   8          
   9          bit mode0_next=0;  
  10          bit mode1_next=0; 
  11          
  12          unsigned int mode=0;
  13          
  14          extern LEDs_NUM= 8;
  15          
  16          void timer0_int(void) interrupt TIMER0_VECTOR
  17          {  
  18   1          static unsigned int cnt=0; 
  19   1          if (cnt++ % MODE0_TIME == 0)  mode0_next = 1;
  20   1          if (cnt++ % MODE1_TIME == 0)  mode1_next = 1 ;
  21   1          if (cnt % 60000 == 0) cnt = 0;
  22   1        
  23   1      }
  24          
  25          void main()
  26          {
  27   1        P2=0x80;
  28   1        while(1)
  29   1        {
  30   2           if(getkey()==5)
  31   2           {
  32   3             LED_On(GPIO_P0,GPIO_Pin_1);
  33   3           }
  34   2        
  35   2         }
  36   1      }


MODULE INFORMATION:   STATIC OVERLAYABLE
   CODE SIZE        =    158    ----
   CONSTANT SIZE    =   ----    ----
   XDATA SIZE       =   ----    ----
   PDATA SIZE       =   ----    ----
   DATA SIZE        =      6    ----
   IDATA SIZE       =   ----    ----
   BIT SIZE         =      2    ----
END OF MODULE INFORMATION.


C51 COMPILATION COMPLETE.  0 WARNING(S),  0 ERROR(S)
